error[E0080]: it is undefined behavior to use this value
  --> $DIR/ub-enum.rs:24:1
   |
LL | const BAD_ENUM: Enum = unsafe { mem::transmute(1usize) };
   | ^^^^^^^^^^^^^^^^^^^^^^^^^^^^^^^^^^^^^^^^^^^^^^^^^^^^^^^^^ type validation failed: encountered 0x00000001 at .<enum-tag>, but expected a valid enum tag
   |
   = note: The rules on what exactly is undefined behavior aren't clear, so this check might be overzealous. Please open an issue on the rustc repository if you believe it should not be considered undefined behavior.

error[E0080]: it is undefined behavior to use this value
  --> $DIR/ub-enum.rs:27:1
   |
LL | const BAD_ENUM_PTR: Enum = unsafe { mem::transmute(&1) };
   | ^^^^^^^^^^^^^^^^^^^^^^^^^^^^^^^^^^^^^^^^^^^^^^^^^^^^^^^^^ type validation failed: encountered pointer to alloc8 at .<enum-tag>, but expected initialized plain (non-pointer) bytes
   |
   = note: The rules on what exactly is undefined behavior aren't clear, so this check might be overzealous. Please open an issue on the rustc repository if you believe it should not be considered undefined behavior.

error[E0080]: it is undefined behavior to use this value
  --> $DIR/ub-enum.rs:30:1
   |
LL | const BAD_ENUM_WRAPPED: Wrap<Enum> = unsafe { mem::transmute(&1) };
   | ^^^^^^^^^^^^^^^^^^^^^^^^^^^^^^^^^^^^^^^^^^^^^^^^^^^^^^^^^^^^^^^^^^^ type validation failed: encountered pointer to alloc12 at .0.<enum-tag>, but expected initialized plain (non-pointer) bytes
   |
   = note: The rules on what exactly is undefined behavior aren't clear, so this check might be overzealous. Please open an issue on the rustc repository if you believe it should not be considered undefined behavior.

error[E0080]: it is undefined behavior to use this value
  --> $DIR/ub-enum.rs:42:1
   |
LL | const BAD_ENUM2: Enum2 = unsafe { mem::transmute(0usize) };
   | ^^^^^^^^^^^^^^^^^^^^^^^^^^^^^^^^^^^^^^^^^^^^^^^^^^^^^^^^^^^ type validation failed: encountered 0x00000000 at .<enum-tag>, but expected a valid enum tag
   |
   = note: The rules on what exactly is undefined behavior aren't clear, so this check might be overzealous. Please open an issue on the rustc repository if you believe it should not be considered undefined behavior.

error[E0080]: it is undefined behavior to use this value
  --> $DIR/ub-enum.rs:44:1
   |
LL | const BAD_ENUM2_PTR: Enum2 = unsafe { mem::transmute(&0) };
   | ^^^^^^^^^^^^^^^^^^^^^^^^^^^^^^^^^^^^^^^^^^^^^^^^^^^^^^^^^^^ type validation failed: encountered pointer to alloc18 at .<enum-tag>, but expected initialized plain (non-pointer) bytes
   |
   = note: The rules on what exactly is undefined behavior aren't clear, so this check might be overzealous. Please open an issue on the rustc repository if you believe it should not be considered undefined behavior.

error[E0080]: it is undefined behavior to use this value
  --> $DIR/ub-enum.rs:47:1
   |
LL | const BAD_ENUM2_WRAPPED: Wrap<Enum2> = unsafe { mem::transmute(&0) };
   | ^^^^^^^^^^^^^^^^^^^^^^^^^^^^^^^^^^^^^^^^^^^^^^^^^^^^^^^^^^^^^^^^^^^^^ type validation failed: encountered pointer to alloc22 at .0.<enum-tag>, but expected initialized plain (non-pointer) bytes
   |
   = note: The rules on what exactly is undefined behavior aren't clear, so this check might be overzealous. Please open an issue on the rustc repository if you believe it should not be considered undefined behavior.

error[E0080]: it is undefined behavior to use this value
  --> $DIR/ub-enum.rs:56:1
   |
LL | const BAD_ENUM2_UNDEF : Enum2 = unsafe { MaybeUninit { uninit: () }.init };
   | ^^^^^^^^^^^^^^^^^^^^^^^^^^^^^^^^^^^^^^^^^^^^^^^^^^^^^^^^^^^^^^^^^^^^^^^^^^^ type validation failed: encountered uninitialized bytes at .<enum-tag>, but expected initialized plain (non-pointer) bytes
   |
   = note: The rules on what exactly is undefined behavior aren't clear, so this check might be overzealous. Please open an issue on the rustc repository if you believe it should not be considered undefined behavior.

error[E0080]: it is undefined behavior to use this value
  --> $DIR/ub-enum.rs:60:1
   |
LL | const BAD_ENUM2_OPTION_PTR: Option<Enum2> = unsafe { mem::transmute(&0) };
   | ^^^^^^^^^^^^^^^^^^^^^^^^^^^^^^^^^^^^^^^^^^^^^^^^^^^^^^^^^^^^^^^^^^^^^^^^^^ type validation failed: encountered pointer to alloc28 at .<enum-tag>, but expected initialized plain (non-pointer) bytes
   |
   = note: The rules on what exactly is undefined behavior aren't clear, so this check might be overzealous. Please open an issue on the rustc repository if you believe it should not be considered undefined behavior.

error[E0080]: it is undefined behavior to use this value
  --> $DIR/ub-enum.rs:77:1
   |
LL | const BAD_UNINHABITED_VARIANT1: UninhDiscriminant = unsafe { mem::transmute(1u8) };
   | ^^^^^^^^^^^^^^^^^^^^^^^^^^^^^^^^^^^^^^^^^^^^^^^^^^^^^^^^^^^^^^^^^^^^^^^^^^^^^^^^^^^ type validation failed: encountered a value of the never type `!` at .<enum-variant(B)>.0
   |
   = note: The rules on what exactly is undefined behavior aren't clear, so this check might be overzealous. Please open an issue on the rustc repository if you believe it should not be considered undefined behavior.

error[E0080]: it is undefined behavior to use this value
  --> $DIR/ub-enum.rs:79:1
   |
LL | const BAD_UNINHABITED_VARIANT2: UninhDiscriminant = unsafe { mem::transmute(3u8) };
   | ^^^^^^^^^^^^^^^^^^^^^^^^^^^^^^^^^^^^^^^^^^^^^^^^^^^^^^^^^^^^^^^^^^^^^^^^^^^^^^^^^^^ type validation failed: encountered a value of uninhabited type Never at .<enum-variant(D)>.0
   |
   = note: The rules on what exactly is undefined behavior aren't clear, so this check might be overzealous. Please open an issue on the rustc repository if you believe it should not be considered undefined behavior.

error[E0080]: it is undefined behavior to use this value
  --> $DIR/ub-enum.rs:87:1
   |
LL | const BAD_OPTION_CHAR: Option<(char, char)> = Some(('x', unsafe { mem::transmute(!0u32) }));
   | ^^^^^^^^^^^^^^^^^^^^^^^^^^^^^^^^^^^^^^^^^^^^^^^^^^^^^^^^^^^^^^^^^^^^^^^^^^^^^^^^^^^^^^^^^^^^ type validation failed: encountered 0xffffffff at .<enum-variant(Some)>.0.1, but expected a valid unicode scalar value (in `0..=0x10FFFF` but not in `0xD800..=0xDFFF`)
   |
   = note: The rules on what exactly is undefined behavior aren't clear, so this check might be overzealous. Please open an issue on the rustc repository if you believe it should not be considered undefined behavior.

error[E0080]: it is undefined behavior to use this value
  --> $DIR/ub-enum.rs:92:1
   |
LL | const BAD_UNINHABITED_WITH_DATA1: Result<(i32, Never), (i32, !)> = unsafe { mem::transmute(0u64) };
   | ^^^^^^^^^^^^^^^^^^^^^^^^^^^^^^^^^^^^^^^^^^^^^^^^^^^^^^^^^^^^^^^^^^^^^^^^^^^^^^^^^^^^^^^^^^^^^^^^^^^ type validation failed: encountered a value of uninhabited type Never at .<enum-variant(Ok)>.0.1
   |
   = note: The rules on what exactly is undefined behavior aren't clear, so this check might be overzealous. Please open an issue on the rustc repository if you believe it should not be considered undefined behavior.

error[E0080]: it is undefined behavior to use this value
  --> $DIR/ub-enum.rs:94:1
   |
LL | const BAD_UNINHABITED_WITH_DATA2: Result<(i32, !), (i32, Never)> = unsafe { mem::transmute(0u64) };
   | ^^^^^^^^^^^^^^^^^^^^^^^^^^^^^^^^^^^^^^^^^^^^^^^^^^^^^^^^^^^^^^^^^^^^^^^^^^^^^^^^^^^^^^^^^^^^^^^^^^^ type validation failed: encountered a value of the never type `!` at .<enum-variant(Ok)>.0.1
   |
   = note: The rules on what exactly is undefined behavior aren't clear, so this check might be overzealous. Please open an issue on the rustc repository if you believe it should not be considered undefined behavior.

error: aborting due to 13 previous errors

For more information about this error, try `rustc --explain E0080`.
